// Jest Snapshot v1, https://goo.gl/fbAQLP

exports[`<Content /> should render 1`] = `
.c0 img {
  max-width: 100%;
}

.c0 p {
  margin: 2.4rem 0;
}

.c0 ul,
.c0 ol {
  margin: 2.4rem;
  color: #252422;
}

.c0 pre {
  width: 100%;
  overflow-x: auto;
  background-color: #333333;
  color: #f2f0d8;
  border-radius: 0.5rem;
  padding: 3.2rem;
  margin: 3.2rem 0;
  line-height: 1.5;
  font-size: 1.6rem;
}

<div>
  <article
    class="c0"
  >
    <h1>
      Senior ignes duro
    </h1>
    <h2>
      Ius ille Phlegyis
    </h2>
    <p>
      Lorem markdownum Amore faciesque aethere volat perpetiar omine meriti antiquam!
      <strong>
        Illa
      </strong>
       est instruit hamos ulciscor sagitta rupta.
    </p>
    <pre>
      <code>
        pplWinTopology += intranet_drm.base_adsl_gate(standaloneExploitHdtv +        process_right_bloatware + archiveDelRom.dll_rte(88),        ripcording.gui_ppi(blog, cross_data_pum, barOf));wiki_prompt = gif_publishing(extranet_t_copy, virusNosql) + 5;if (dvdBox * 54) {    storageSoap += coreMpeg(xmp_storage, ssl) - 2 - hibernateSoundPrinter;} else {    teraflops.pmu += finder_megahertz_dvd + ttl_paste_website - 1 -            kerningWanBit;    tftp(pebibyte, webQuad + 3, 2);    radcab_market_php(faqScrollControl);}
      </code>
    </pre>
    <h2>
      Latens ad aut duc vetus qua
    </h2>
    <p>
      Nec oscula fuerit: volet spectacula Quirini veluti, creditis cervice obambulatsaltem, est. Cycno tamen dixit est inrupit faciat circumdata: arvo laquei,
      <a
        href="http://equi.org/"
      >
        pudorem
      </a>
      ! Et suos saltem fetus abstrahit elisi. In ignibusvocat: mediis tardae, manu 
      <em>
        arida et ferebat
      </em>
      , si casuque diros ferrum, 
      <a
        href="http://www.caput.com/de-levem.php"
      >
        nubilapro
      </a>
      . Sanctis dextra 
      <em>
        somni equitavit ferox
      </em>
      et actaque iussa: duo in deo?
    </p>
    <pre>
      <code>
        rfid(imagePngLog(upPersonal, chip_pebibyte_microcomputer) - boot +        redundancy_ssd, 86);kvm = tokenResolution(7, friendly_component);if (1 == payload_name_state + pupPassiveOutput) {    abend_computing_recycle += hdmi +            webBps.grayscale_plug_bloatware.lanCpmDirect(search_key_pptp,            utfTeraflops, 830819);    platformBusRipcording(rateSecondaryMethod, runtime, domainRisc(            trinitron));    bit_newbie_video(torrent_certificate_file / 1);} else {    encoding += session;    megabit_drive_alpha = desktopServerClean;}
      </code>
    </pre>
    <h2>
      Est vidit sentit illa corpora ab matres
    </h2>
    <p>
      Excussis pulsant navem, aeratas ea patria ac coniuge anhelitus verbis plusquemediaque in nondum. 
      <strong>
        Et
      </strong>
       cogit Sinuessa tacetve, vicina calcataque haesurum,momenta ne, cedere.
    </p>
    <h2>
      Portabat taurus saevorum tenuerunt imago Iuppiter texerat
    </h2>
    <p>
      Inhibere electus visa notavi inde, conditur genualia viros et moderator tellusnumen? Negat pedibusque meum ignem in sub de dies prius exigit ad ultra illo?
    </p>
    <blockquote>
      <p>
        Nec velamine quid medias omne: honor omnes, os Iovis. Erat quater pedes nunc,arma agere, secuta ante? Elige vehit nulla abstulerat domus 
        <em>
          adsumere
        </em>
         omniasaepe, et Dryope, et lumine?
      </p>
    </blockquote>
    <p>
      Vulnere ut erat violatus. Male illi terraeque significent viri, suoque, et etquae habere dubitavit temptamenta limina 
      <a
        href="http://www.tendit-quamvis.net/ignisquecomminus"
      >
        vetustisparva
      </a>
       in domo talia. Nubesdignus neve transire 
      <a
        href="http://www.esse-comparat.org/"
      >
        vocat adspice
      </a>
       femineo necmorique niveae solutum stagnata. 
      <strong>
        Robore fert
      </strong>
      , glandes si viscera contigitintortos petis missus prius. Voluisti una supplex, iaculum satyri orbataqueetiam primum 
      <em>
        venasque
      </em>
      , declivis Cydoneasque perstat, hominum fecit, nil.
    </p>
  </article>
</div>
`;
